10-23 11:15:27.843  8526  8547 I TestRunner: started: vertical_scrolling(com.example.dogglers.VerticalListTests)
10-23 11:15:27.872   595   629 W system_server: Long monitor contention with owner LazyTaskWriterThread (1484) at void com.android.server.wm.TaskPersister$TaskWriteQueueItem.process()(TaskPersister.java:561) waiters=1 in void com.android.server.wm.InputMonitor$UpdateInputWindows.run() for 215ms
10-23 11:15:27.911  8526  8526 D LifecycleMonitor: Lifecycle status change: androidx.test.core.app.InstrumentationActivityInvoker$EmptyActivity@847ef1b in: DESTROYED
10-23 11:15:27.922   595  2723 W InputManager-JNI: Input channel object '6e037fe com.example.dogglers/androidx.test.core.app.InstrumentationActivityInvoker$EmptyActivity (client)' was disposed without first being removed with the input manager!
10-23 11:15:27.940  8526  8547 W Settings: Setting always_finish_activities has moved from android.provider.Settings.System to android.provider.Settings.Global, returning read-only value.
10-23 11:15:28.014   785   872 D SplashScreenView: Build android.window.SplashScreenView{cb8a7be V.E...... ......ID 0,0-0,0}
10-23 11:15:28.014   785   872 D SplashScreenView: Icon: view: null drawable: null size: 0
10-23 11:15:28.014   785   872 D SplashScreenView: Branding: view: android.view.View{8af801f G.ED..... ......I. 0,0-0,0 #10204a6 android:id/splashscreen_branding_view} drawable: null size w: 0 h: 0
10-23 11:15:28.106  8526  8526 D LifecycleMonitor: Lifecycle status change: androidx.test.core.app.InstrumentationActivityInvoker$BootstrapActivity@76266d0 in: PRE_ON_CREATE
10-23 11:15:28.107   360   397 D goldfish-address-space: claimShared: Ask to claim region [0x3f25a6000 0x3f33b6000]
10-23 11:15:28.107  8526  8526 V ActivityScenario: Activity lifecycle changed event received but ignored because the intent does not match. startActivityIntent=Intent { act=android.intent.action.MAIN cat=[android.intent.category.LAUNCHER] cmp=com.example.dogglers/.VerticalListActivity }, activity.getIntent()=Intent { act=android.intent.action.MAIN cat=[android.intent.category.LAUNCHER] flg=0x10008000 cmp=com.example.dogglers/androidx.test.core.app.InstrumentationActivityInvoker$BootstrapActivity (has extras) }, activity=androidx.test.core.app.InstrumentationActivityInvoker$BootstrapActivity@76266d0
10-23 11:15:28.117   360   397 D goldfish-address-space: claimShared: Ask to claim region [0x3f0000000 0x3f0e10000]
10-23 11:15:28.127   360   397 D goldfish-address-space: claimShared: Ask to claim region [0x3f6c8e000 0x3f7a9e000]
10-23 11:15:28.147  8526  8526 D LifecycleMonitor: Lifecycle status change: androidx.test.core.app.InstrumentationActivityInvoker$BootstrapActivity@76266d0 in: CREATED
10-23 11:15:28.162  1404  1404 I GsaVoiceInteractionSrv: Handling ACTION_STOP_HOTWORD
10-23 11:15:28.171  1404  1404 E HwDetectorWithState: a: 3
10-23 11:15:28.171  8526  8526 V ActivityScenario: Activity lifecycle changed event received but ignored because the intent does not match. startActivityIntent=Intent { act=android.intent.action.MAIN cat=[android.intent.category.LAUNCHER] cmp=com.example.dogglers/.VerticalListActivity }, activity.getIntent()=Intent { act=android.intent.action.MAIN cat=[android.intent.category.LAUNCHER] flg=0x10008000 cmp=com.example.dogglers/androidx.test.core.app.InstrumentationActivityInvoker$BootstrapActivity (has extras) }, activity=androidx.test.core.app.InstrumentationActivityInvoker$BootstrapActivity@76266d0
10-23 11:15:28.199  8526  8526 D LifecycleMonitor: Lifecycle status change: androidx.test.core.app.InstrumentationActivityInvoker$BootstrapActivity@76266d0 in: STARTED
10-23 11:15:28.201  8526  8526 V ActivityScenario: Activity lifecycle changed event received but ignored because the intent does not match. startActivityIntent=Intent { act=android.intent.action.MAIN cat=[android.intent.category.LAUNCHER] cmp=com.example.dogglers/.VerticalListActivity }, activity.getIntent()=Intent { act=android.intent.action.MAIN cat=[android.intent.category.LAUNCHER] flg=0x10008000 cmp=com.example.dogglers/androidx.test.core.app.InstrumentationActivityInvoker$BootstrapActivity (has extras) }, activity=androidx.test.core.app.InstrumentationActivityInvoker$BootstrapActivity@76266d0
10-23 11:15:28.311  1656  1656 I A       : onApplyWindowInsets: systemWindowInsets=Insets{left=0, top=84, right=0, bottom=168}
10-23 11:15:28.313  1656  1656 I A       : onApplyWindowInsets: systemWindowInsets=Insets{left=0, top=84, right=0, bottom=168}
10-23 11:15:28.346  8526  8526 D LifecycleMonitor: Lifecycle status change: androidx.test.core.app.InstrumentationActivityInvoker$BootstrapActivity@76266d0 in: RESUMED
10-23 11:15:28.351  8526  8526 V ActivityScenario: Activity lifecycle changed event received but ignored because the intent does not match. startActivityIntent=Intent { act=android.intent.action.MAIN cat=[android.intent.category.LAUNCHER] cmp=com.example.dogglers/.VerticalListActivity }, activity.getIntent()=Intent { act=android.intent.action.MAIN cat=[android.intent.category.LAUNCHER] flg=0x10008000 cmp=com.example.dogglers/androidx.test.core.app.InstrumentationActivityInvoker$BootstrapActivity (has extras) }, activity=androidx.test.core.app.InstrumentationActivityInvoker$BootstrapActivity@76266d0
10-23 11:15:28.384  8526  8526 D LifecycleMonitor: Lifecycle status change: androidx.test.core.app.InstrumentationActivityInvoker$BootstrapActivity@76266d0 in: PAUSED
10-23 11:15:28.394  8526  8526 V ActivityScenario: Activity lifecycle changed event received but ignored because the intent does not match. startActivityIntent=Intent { act=android.intent.action.MAIN cat=[android.intent.category.LAUNCHER] cmp=com.example.dogglers/.VerticalListActivity }, activity.getIntent()=Intent { act=android.intent.action.MAIN cat=[android.intent.category.LAUNCHER] flg=0x10008000 cmp=com.example.dogglers/androidx.test.core.app.InstrumentationActivityInvoker$BootstrapActivity (has extras) }, activity=androidx.test.core.app.InstrumentationActivityInvoker$BootstrapActivity@76266d0
10-23 11:15:28.464  8526  8526 D LifecycleMonitor: Lifecycle status change: com.example.dogglers.VerticalListActivity@c85ccda in: PRE_ON_CREATE
10-23 11:15:28.480  8526  8526 V ActivityScenario: Activity lifecycle changed event received but ignored because the reported transition was not ON_CREATE while the last known transition was PRE_ON_CREATE
10-23 11:15:28.635  8526  8526 D LifecycleMonitor: Lifecycle status change: com.example.dogglers.VerticalListActivity@c85ccda in: CREATED
10-23 11:15:28.649  8526  8526 V ActivityScenario: Update currentActivityStage to CREATED, currentActivity=com.example.dogglers.VerticalListActivity@c85ccda
10-23 11:15:28.652  8526  8526 D LifecycleMonitor: Lifecycle status change: com.example.dogglers.VerticalListActivity@c85ccda in: STARTED
10-23 11:15:28.652  8526  8526 V ActivityScenario: Update currentActivityStage to STARTED, currentActivity=com.example.dogglers.VerticalListActivity@c85ccda
10-23 11:15:28.654  8526  8526 D LifecycleMonitor: Lifecycle status change: com.example.dogglers.VerticalListActivity@c85ccda in: RESUMED
10-23 11:15:28.655  8526  8526 V ActivityScenario: Update currentActivityStage to RESUMED, currentActivity=com.example.dogglers.VerticalListActivity@c85ccda
10-23 11:15:28.688  8526  8526 D LifecycleMonitor: Lifecycle status change: androidx.test.core.app.InstrumentationActivityInvoker$BootstrapActivity@76266d0 in: STOPPED
10-23 11:15:28.695  8526  8526 V ActivityScenario: Activity lifecycle changed event received but ignored because the intent does not match. startActivityIntent=Intent { act=android.intent.action.MAIN cat=[android.intent.category.LAUNCHER] cmp=com.example.dogglers/.VerticalListActivity }, activity.getIntent()=Intent { act=android.intent.action.MAIN cat=[android.intent.category.LAUNCHER] flg=0x10008000 cmp=com.example.dogglers/androidx.test.core.app.InstrumentationActivityInvoker$BootstrapActivity (has extras) }, activity=androidx.test.core.app.InstrumentationActivityInvoker$BootstrapActivity@76266d0
10-23 11:15:28.743   360   397 D goldfish-address-space: claimShared: Ask to claim region [0x3f0ecb000 0x3f1cdb000]
10-23 11:15:28.770   360   397 D goldfish-address-space: claimShared: Ask to claim region [0x3f4000000 0x3f4e10000]
10-23 11:15:28.782   360   397 D goldfish-address-space: claimShared: Ask to claim region [0x3f5e7e000 0x3f6c8e000]
10-23 11:15:28.901   595   625 I ActivityTaskManager: Displayed com.example.dogglers/.VerticalListActivity: +918ms
10-23 11:15:28.980  1288  1288 I GoogleInputMethodService: GoogleInputMethodService.onFinishInput():3420
10-23 11:15:28.984  1288  1288 I GoogleInputMethodService: GoogleInputMethodService.onStartInput():2002
10-23 11:15:28.988  1288  1288 I DeviceUnlockedTag: DeviceUnlockedTag.notifyDeviceLockStatusChanged():31 Notify device unlocked.
10-23 11:15:29.037   595  6453 W InputManager-JNI: Input channel object '31cbc2f Splash Screen com.example.dogglers (client)' was disposed without first being removed with the input manager!
10-23 11:15:29.051  8526  8526 I ViewInteraction: Performing 'fast swipe' action on view view.getId() is <2131231206/com.example.dogglers:id/vertical_recycler_view>
10-23 11:15:29.525  8526  8526 D CompatibilityChangeReporter: Compat change id reported: 171228096; UID 10162; state: ENABLED
10-23 11:15:29.601  8526  8526 I ViewInteraction: Checking 'MatchesViewAssertion{viewMatcher=(view has effective visibility <VISIBLE> and view.getGlobalVisibleRect() to return non-empty rectangle)}' assertion on view an instance of android.widget.TextView and view.getText() with or without transformation to match: is "Faye"
10-23 11:15:29.601  8526  8526 E ViewAssertions: '(view has effective visibility <VISIBLE> and view.getGlobalVisibleRect() to return non-empty rectangle)' check could not be performed because view 'an instance of android.widget.TextView and view.getText() with or without transformation to match: is "Faye"' was not found.
10-23 11:15:29.626  8526  8526 D LifecycleMonitor: Lifecycle status change: com.example.dogglers.VerticalListActivity@c85ccda in: PAUSED
10-23 11:15:29.627  8526  8526 V ActivityScenario: Update currentActivityStage to PAUSED, currentActivity=com.example.dogglers.VerticalListActivity@c85ccda
10-23 11:15:29.649   899  8469 D NetworkMonitor/100: PROBE_HTTP http://connectivitycheck.gstatic.com/generate_204 time=10106ms ret=204 request={Connection=[close], User-Agent=[Mozilla/5.0 (X11; Linux x86_64) AppleWebKit/537.36 (KHTML, like Gecko) Chrome/60.0.3112.32 Safari/537.36]} headers={null=[HTTP/1.1 204 No Content], Connection=[close], Content-Length=[0], Cross-Origin-Resource-Policy=[cross-origin], Date=[Sun, 23 Oct 2022 18:15:30 GMT], X-Android-Received-Millis=[1666548929636], X-Android-Response-Source=[NETWORK 204], X-Android-Selected-Protocol=[http/1.1], X-Android-Sent-Millis=[1666548929621]}
10-23 11:15:29.654  8526  8526 D LifecycleMonitor: Lifecycle status change: androidx.test.core.app.InstrumentationActivityInvoker$EmptyActivity@25434ca in: PRE_ON_CREATE
10-23 11:15:29.655  8526  8526 V ActivityScenario: Activity lifecycle changed event received but ignored because the intent does not match. startActivityIntent=Intent { act=android.intent.action.MAIN cat=[android.intent.category.LAUNCHER] cmp=com.example.dogglers/.VerticalListActivity }, activity.getIntent()=Intent { act=android.intent.action.MAIN cat=[android.intent.category.LAUNCHER] flg=0x10000000 cmp=com.example.dogglers/androidx.test.core.app.InstrumentationActivityInvoker$EmptyActivity }, activity=androidx.test.core.app.InstrumentationActivityInvoker$EmptyActivity@25434ca
10-23 11:15:29.681   595  6453 W InputManager-JNI: Input channel object '1ddee9c com.example.dogglers/com.example.dogglers.VerticalListActivity (client)' was disposed without first being removed with the input manager!
10-23 11:15:29.708  8511  8511 I app_process: System.exit called, status: 0
10-23 11:15:29.708  8511  8511 I AndroidRuntime: VM exiting with result code 0.
10-23 11:15:29.717   595   640 I libprocessgroup: Successfully killed process cgroup uid 10162 pid 8526 in 43ms
10-23 11:15:29.733  1656  1656 I A       : onApplyWindowInsets: systemWindowInsets=Insets{left=0, top=84, right=0, bottom=168}
10-23 11:15:29.734  1656  1656 I A       : onApplyWindowInsets: systemWindowInsets=Insets{left=0, top=84, right=0, bottom=168}
10-23 11:15:29.735   360   397 D goldfish-address-space: claimShared: Ask to claim region [0x3f25a6000 0x3f33b6000]
10-23 11:15:29.759   360   397 D goldfish-address-space: claimShared: Ask to claim region [0x3f0000000 0x3f0e10000]
10-23 11:15:29.767   360   397 D goldfish-address-space: claimShared: Ask to claim region [0x3f6c8e000 0x3f7a9e000]
10-23 11:15:29.778   425   425 E BpTransactionCompletedListener: Failed to transact (-32)
10-23 11:15:29.818   360   397 D goldfish-address-space: claimShared: Ask to claim region [0x3f0ecb000 0x3f1cdb000]
10-23 11:15:29.850  1656  4947 I OpenGLRenderer: Davey! duration=49329ms; Flags=1, FrameTimelineVsyncId=10479, IntendedVsync=6501146653714, Vsync=6501146653714, InputEventId=0, HandleInputStart=6501148843000, AnimationStart=6501148877400, PerformTraversalsStart=6501148912800, DrawStart=6501206999700, FrameDeadline=6501179987046, FrameInterval=6501148831800, FrameStartTime=16666666, SyncQueued=6501207437700, SyncStart=6501208726900, IssueDrawCommandsStart=6501210121800, SwapBuffers=6501210321400, FrameCompleted=6550477837700, DequeueBufferDuration=32100, QueueBufferDuration=963900, GpuCompleted=6550477837700, SwapBuffersCompleted=6501216249600, DisplayPresentTime=0,
10-23 11:15:29.852   360   397 D goldfish-address-space: claimShared: Ask to claim region [0x3f4000000 0x3f4e10000]
10-23 11:15:29.852   337   337 I Zygote  : Process 8526 exited due to signal 9 (Killed)
10-23 11:15:29.860   360   360 D goldfish-address-space: claimShared: Ask to claim region [0x3f5e7e000 0x3f6c8e000]
10-23 11:15:29.872   976   976 D CarrierSvcBindHelper: No carrier app for: 0
10-23 11:15:29.897  1404  1404 I GsaVoiceInteractionSrv: Handling ACTION_START_HOTWORD
10-23 11:15:29.898  1404  1404 I GsaVoiceInteractionSrv: disregardVoiceMatch: false
10-23 11:15:29.898  1404  1404 I GsaVoiceInteractionSrv: Cannot start hotword, hotword has been explicitly disabled.
10-23 11:15:29.944  1288  1288 I GoogleInputMethodService: GoogleInputMethodService.onFinishInput():3420
10-23 11:15:29.945  1288  1288 I GoogleInputMethodService: GoogleInputMethodService.onStartInput():2002
10-23 11:15:29.946  1288  1288 I DeviceUnlockedTag: DeviceUnlockedTag.notifyDeviceLockStatusChanged():31 Notify device unlocked.
10-23 11:15:29.986   785   878 D EGL_emulation: app_time_stats: avg=1105.21ms min=547.19ms max=1663.23ms count=2
